projects/amazon-trend-analyzer/qb_chunks/page_199_skip199000.csv
ASIN Buyability Flag,asin_status,CVR%,revenue,asp,units,gv,Images #,Videos #,Has A+ Content,Buybox Winner,Average Rating,Number of Ratings,bb_price,Ad CTR%,Ad CVR%,bsr,brand,Ad CPC$,ASIN (Description),Update Type,Sold By Amazon,Has Coupon?,Has Store Link?,In Stock Today?,category,Sellable On Hand Units,asin,date,Ad Cost,Ad Sales,Ad Clicks,Ad Impressions,Ad Conversions
In Stock,FD,0.0,,,,13.0,0.0,0.0,True,,4.1,1081.0,8.75,,,639.0,Star Wars,,B098F8WW9N (Star Wars: C3PO Harness - Small),[],True,False,True,True,Apparel,76.0,B098F8WW9N,2025-07-25,,,,,
In Stock,FD,0.0,,,,12.0,0.0,0.0,True,,4.1,1081.0,11.99,,,526.0,Star Wars,,B098F8WW9N (Star Wars: C3PO Harness - Small),[],True,False,True,True,Apparel,76.0,B098F8WW9N,2025-07-24,,,,,
In Stock,FD,0.0,,,,13.0,0.0,0.0,True,,4.1,1081.0,11.99,,,548.0,Star Wars,,B098F8WW9N (Star Wars: C3PO Harness - Small),[],True,False,True,True,Apparel,76.0,B098F8WW9N,2025-07-23,,,,,
In Stock,FD,0.0,0.0,,0.0,17.0,0.0,0.0,True,,4.1,1080.0,11.99,,,561.0,Star Wars,,B098F8WW9N (Star Wars: C3PO Harness - Small),[],True,False,True,True,Apparel,76.0,B098F8WW9N,2025-07-22,,,,,
In Stock,FD,0.043,5.0,5.34,1.0,23.0,0.0,0.0,True,,4.1,1080.0,5.34,,,614.0,Star Wars,,B098F8WW9N (Star Wars: C3PO Harness - Small),[],True,False,True,True,Apparel,77.0,B098F8WW9N,2025-07-21,,,,,
In Stock,FD,0.0,0.0,,0.0,25.0,0.0,0.0,True,,4.1,1080.0,5.34,,,636.0,Star Wars,,B098F8WW9N (Star Wars: C3PO Harness - Small),[],True,False,True,True,Apparel,78.0,B098F8WW9N,2025-07-20,,,,,
In Stock,FD,0.063,5.0,5.34,1.0,16.0,0.0,0.0,True,,4.1,1080.0,5.34,,,604.0,Star Wars,,B098F8WW9N (Star Wars: C3PO Harness - Small),[],True,False,True,True,Apparel,78.0,B098F8WW9N,2025-07-18,,,,,
In Stock,FD,0.0,,,,24.0,0.0,0.0,True,,4.1,1079.0,5.34,,,624.0,Star Wars,,B098F8WW9N (Star Wars: C3PO Harness - Small),[],True,False,True,True,Apparel,78.0,B098F8WW9N,2025-07-17,,,,,
In Stock,FD,0.0,0.0,,0.0,30.0,0.0,0.0,True,,4.1,1079.0,5.34,,,595.0,Star Wars,,B098F8WW9N (Star Wars: C3PO Harness - Small),[],True,False,True,True,Apparel,78.0,B098F8WW9N,2025-07-16,,,,,
In Stock,FD,0.0,,,,14.0,7.0,0.0,True,,4.1,1079.0,5.34,,,632.0,Star Wars,,B098F8WW9N (Star Wars: C3PO Harness - Small),[],True,False,True,True,Apparel,78.0,B098F8WW9N,2025-07-15,,,,,
In Stock,FD,0.042,5.0,4.66,1.0,24.0,7.0,0.0,True,,4.1,1078.0,4.66,,,617.0,Star Wars,,B098F8WW9N (Star Wars: C3PO Harness - Small),[],True,False,True,True,Apparel,78.0,B098F8WW9N,2025-07-14,,,,,
In Stock,FD,0.032,5.0,4.66,1.0,31.0,7.0,0.0,True,,4.1,1078.0,4.66,,,593.0,Star Wars,,B098F8WW9N (Star Wars: C3PO Harness - Small),[],True,False,True,True,Apparel,81.0,B098F8WW9N,2025-07-13,,,,,
In Stock,FD,0.0,0.0,,0.0,26.0,7.0,0.0,True,,4.1,1078.0,4.66,,,618.0,Star Wars,,B098F8WW9N (Star Wars: C3PO Harness - Small),[],True,False,True,True,Apparel,82.0,B098F8WW9N,2025-07-12,,,,,
In Stock,FD,0.094,14.0,4.66,3.0,32.0,7.0,0.0,True,,4.1,1078.0,4.66,,,622.0,Star Wars,,B098F8WW9N (Star Wars: C3PO Harness - Small),[],True,False,True,True,Apparel,83.0,B098F8WW9N,2025-07-11,,,,,
In Stock,FD,0.049,9.0,4.66,2.0,41.0,7.0,0.0,True,,4.1,1077.0,4.66,,,589.0,Star Wars,,B098F8WW9N (Star Wars: C3PO Harness - Small),[],True,False,True,True,Apparel,84.0,B098F8WW9N,2025-07-10,,,,,
In Stock,FD,0.019,5.0,4.66,1.0,53.0,7.0,0.0,True,,4.1,1076.0,4.66,,,553.0,Star Wars,,B098F8WW9N (Star Wars: C3PO Harness - Small),[],True,False,True,True,Apparel,85.0,B098F8WW9N,2025-07-09,,,,,
In Stock,FD,0.087,9.0,4.66,2.0,23.0,7.0,0.0,True,,4.1,1076.0,5.02,,,493.0,Star Wars,,B098F8WW9N (Star Wars: C3PO Harness - Small),[],True,False,True,True,Apparel,88.0,B098F8WW9N,2025-07-08,,,,,
In Stock,FD,0.0,,,,12.0,7.0,0.0,True,,4.1,1076.0,5.02,,,525.0,Star Wars,,B098F8WW9N (Star Wars: C3PO Harness - Small),[],True,False,True,True,Apparel,86.0,B098F8WW9N,2025-07-07,,,,,
In Stock,FD,0.0,0.0,,0.0,10.0,7.0,0.0,True,,4.1,1076.0,5.02,,,554.0,Star Wars,,B098F8WW9N (Star Wars: C3PO Harness - Small),[],True,False,True,True,Apparel,86.0,B098F8WW9N,2025-07-06,,,,,
In Stock,FD,0.05599999999999999,5.0,5.02,1.0,18.0,7.0,0.0,True,,4.1,1075.0,5.02,,,565.0,Star Wars,,B098F8WW9N (Star Wars: C3PO Harness - Small),[],True,False,True,True,Apparel,86.0,B098F8WW9N,2025-07-05,,,,,
In Stock,FD,0.0,0.0,,0.0,7.0,7.0,0.0,True,,4.1,1075.0,5.02,,,550.0,Star Wars,,B098F8WW9N (Star Wars: C3PO Harness - Small),[],True,False,True,True,Apparel,87.0,B098F8WW9N,2025-07-03,,,,,
In Stock,FD,0.063,5.0,5.02,1.0,16.0,7.0,0.0,True,,4.1,1075.0,5.02,,,610.0,Star Wars,,B098F8WW9N (Star Wars: C3PO Harness - Small),[],True,False,True,True,Apparel,87.0,B098F8WW9N,2025-07-02,,,,,
In Stock,FD,0.0,,,,6.0,7.0,0.0,True,,4.1,1075.0,5.02,,,627.0,Star Wars,,B098F8WW9N (Star Wars: C3PO Harness - Small),[],True,False,True,True,Apparel,87.0,B098F8WW9N,2025-07-01,,,,,
In Stock,FD,0.0,0.0,,0.0,13.0,7.0,0.0,True,,4.1,1075.0,5.02,,,645.0,Star Wars,,B098F8WW9N (Star Wars: C3PO Harness - Small),[],True,False,True,True,Apparel,87.0,B098F8WW9N,2025-06-30,,,,,
In Stock,FD,0.0,,,,34.0,7.0,0.0,True,,4.1,1075.0,5.02,,,634.0,Star Wars,,B098F8WW9N (Star Wars: C3PO Harness - Small),[],True,False,True,True,Apparel,87.0,B098F8WW9N,2025-06-29,,,,,
In Stock,FD,0.0,0.0,,0.0,7.0,7.0,0.0,True,,4.1,1074.0,5.02,,,635.0,Star Wars,,B098F8WW9N (Star Wars: C3PO Harness - Small),[],True,False,True,True,Apparel,87.0,B098F8WW9N,2025-06-28,,,,,
In Stock,FD,0.0,0.0,,0.0,6.0,7.0,0.0,True,,4.1,1073.0,5.02,,,568.0,Star Wars,,B098F8WW9N (Star Wars: C3PO Harness - Small),[],True,False,True,True,Apparel,87.0,B098F8WW9N,2025-06-27,,,,,
In Stock,FD,0.0,0.0,,0.0,11.0,7.0,0.0,True,,4.1,1073.0,4.89,,,504.0,Star Wars,,B098F8WW9N (Star Wars: C3PO Harness - Small),[],True,False,True,True,Apparel,87.0,B098F8WW9N,2025-06-26,,,,,
In Stock,FD,0.042,5.0,4.89,1.0,24.0,7.0,0.0,True,,4.1,1073.0,4.89,,,521.0,Star Wars,,B098F8WW9N (Star Wars: C3PO Harness - Small),[],True,False,True,True,Apparel,88.0,B098F8WW9N,2025-06-25,,,,,
In Stock,FD,0.143,10.0,4.89,2.0,14.0,7.0,0.0,True,,4.1,1072.0,4.89,,,554.0,Star Wars,,B098F8WW9N (Star Wars: C3PO Harness - Small),[],True,False,True,True,Apparel,90.0,B098F8WW9N,2025-06-24,,,,,
In Stock,FD,0.038,5.0,4.89,1.0,26.0,7.0,1.0,True,,4.1,1072.0,4.89,,,654.0,Star Wars,,B098F8WW9N (Star Wars: C3PO Harness - Small),[],True,False,True,True,Apparel,91.0,B098F8WW9N,2025-06-23,0.0,0.0,0.0,0.0,0.0
In Stock,FD,0.118,10.0,4.89,2.0,17.0,7.0,1.0,True,,4.1,1072.0,4.89,,,708.0,Star Wars,,B098F8WW9N (Star Wars: C3PO Harness - Small),[],True,False,True,True,Apparel,92.0,B098F8WW9N,2025-06-22,0.0,0.0,0.0,0.0,0.0
In Stock,FD,0.111,5.0,5.23,1.0,9.0,7.0,1.0,True,,4.1,1072.0,5.23,,,551.0,Star Wars,,B098F8WW9N (Star Wars: C3PO Harness - Small),[],True,False,True,True,Apparel,94.0,B098F8WW9N,2025-06-21,0.0,0.0,0.0,0.0,0.0
In Stock,FD,0.0,0.0,,0.0,11.0,7.0,1.0,True,,4.1,1072.0,5.23,,,582.0,Star Wars,,B098F8WW9N (Star Wars: C3PO Harness - Small),[],True,False,True,True,Apparel,96.0,B098F8WW9N,2025-06-20,0.0,0.0,0.0,0.0,0.0
In Stock,FD,0.0,0.0,,0.0,14.0,7.0,1.0,True,,4.1,1072.0,5.23,,,584.0,Star Wars,,B098F8WW9N (Star Wars: C3PO Harness - Small),[],True,False,True,True,Apparel,96.0,B098F8WW9N,2025-06-19,0.0,0.0,0.0,0.0,0.0
In Stock,FD,0.077,5.0,5.23,1.0,13.0,7.0,1.0,True,,4.1,1072.0,5.23,,,538.0,Star Wars,,B098F8WW9N (Star Wars: C3PO Harness - Small),[],True,False,True,True,Apparel,95.0,B098F8WW9N,2025-06-18,0.0,0.0,0.0,0.0,0.0
In Stock,FD,0.143,10.0,5.23,2.0,14.0,7.0,1.0,True,,4.1,1072.0,5.23,,,471.0,Star Wars,,B098F8WW9N (Star Wars: C3PO Harness - Small),[],True,False,True,True,Apparel,96.0,B098F8WW9N,2025-06-17,0.0,0.0,0.0,0.0,0.0
In Stock,FD,0.0,0.0,,0.0,12.0,7.0,1.0,True,,4.1,1072.0,5.23,,,475.0,Star Wars,,B098F8WW9N (Star Wars: C3PO Harness - Small),[],True,False,True,True,Apparel,96.0,B098F8WW9N,2025-06-16,0.0,0.0,0.0,0.0,0.0
In Stock,FD,0.0,,,,6.0,7.0,1.0,True,,4.1,1072.0,5.23,,,496.0,Star Wars,,B098F8WW9N (Star Wars: C3PO Harness - Small),[],True,False,True,True,Apparel,97.0,B098F8WW9N,2025-06-15,0.0,0.0,0.0,0.0,0.0
In Stock,FD,0.167,16.0,5.23,3.0,18.0,7.0,1.0,True,,4.1,1072.0,5.23,,,522.0,Star Wars,,B098F8WW9N (Star Wars: C3PO Harness - Small),[],True,False,True,True,Apparel,98.0,B098F8WW9N,2025-06-14,0.0,0.0,0.0,0.0,0.0
In Stock,FD,0.167,5.0,5.23,1.0,6.0,7.0,1.0,True,,4.1,1071.0,5.23,,,545.0,Star Wars,,B098F8WW9N (Star Wars: C3PO Harness - Small),[],True,False,True,True,Apparel,100.0,B098F8WW9N,2025-06-13,0.0,0.0,0.0,0.0,0.0
In Stock,FD,0.0,0.0,,0.0,6.0,7.0,1.0,True,,4.1,1072.0,5.23,,,578.0,Star Wars,,B098F8WW9N (Star Wars: C3PO Harness - Small),[],True,False,True,True,Apparel,100.0,B098F8WW9N,2025-06-12,0.0,0.0,0.0,0.0,0.0
In Stock,FD,0.071,5.0,5.23,1.0,14.0,7.0,1.0,True,,4.1,1072.0,5.23,,,502.0,Star Wars,,B098F8WW9N (Star Wars: C3PO Harness - Small),[],True,False,True,True,Apparel,100.0,B098F8WW9N,2025-06-11,0.0,0.0,0.0,0.0,0.0
In Stock,FD,0.0,0.0,,0.0,11.0,7.0,1.0,True,,4.1,1072.0,5.23,,,565.0,Star Wars,,B098F8WW9N (Star Wars: C3PO Harness - Small),[],True,False,True,True,Apparel,100.0,B098F8WW9N,2025-06-10,0.0,0.0,0.0,0.0,0.0
In Stock,FD,0.0,0.0,,0.0,13.0,7.0,1.0,True,,4.1,1072.0,5.62,,,546.0,Star Wars,,B098F8WW9N (Star Wars: C3PO Harness - Small),[],True,False,True,True,Apparel,100.0,B098F8WW9N,2025-06-09,0.0,0.0,0.0,0.0,0.0
In Stock,FD,0.071,6.0,5.62,1.0,14.0,7.0,1.0,True,,4.1,1072.0,5.62,,,593.0,Star Wars,,B098F8WW9N (Star Wars: C3PO Harness - Small),[],True,False,True,True,Apparel,101.0,B098F8WW9N,2025-06-08,0.0,0.0,0.0,0.0,0.0
In Stock,FD,0.0,0.0,,0.0,19.0,7.0,1.0,True,,4.1,1072.0,5.62,,,649.0,Star Wars,,B098F8WW9N (Star Wars: C3PO Harness - Small),[],True,False,True,True,Apparel,100.0,B098F8WW9N,2025-06-07,0.0,0.0,0.0,0.0,0.0
In Stock,FD,0.083,6.0,5.62,1.0,12.0,7.0,1.0,True,,4.1,1070.0,5.62,,,567.0,Star Wars,,B098F8WW9N (Star Wars: C3PO Harness - Small),[],True,False,True,True,Apparel,102.0,B098F8WW9N,2025-06-06,0.0,0.0,0.0,0.0,0.0
In Stock,FD,0.0,0.0,,0.0,9.0,7.0,1.0,True,,4.1,1070.0,5.62,,,660.0,Star Wars,,B098F8WW9N (Star Wars: C3PO Harness - Small),[],True,False,True,True,Apparel,102.0,B098F8WW9N,2025-06-05,0.0,0.0,0.0,0.0,0.0
In Stock,FD,0.063,6.0,5.62,1.0,16.0,7.0,1.0,True,,4.1,1070.0,5.62,,,627.0,Star Wars,,B098F8WW9N (Star Wars: C3PO Harness - Small),[],True,False,True,True,Apparel,103.0,B098F8WW9N,2025-06-04,0.0,0.0,0.0,0.0,0.0
In Stock,FD,0.0,,,,10.0,7.0,1.0,True,,4.1,1069.0,6.11,,,574.0,Star Wars,,B098F8WW9N (Star Wars: C3PO Harness - Small),[],True,False,True,True,Apparel,103.0,B098F8WW9N,2025-06-03,0.0,0.0,0.0,0.0,0.0
In Stock,FD,0.0,,,,8.0,7.0,1.0,True,,4.1,1069.0,6.11,,,500.0,Star Wars,,B098F8WW9N (Star Wars: C3PO Harness - Small),[],True,False,True,True,Apparel,103.0,B098F8WW9N,2025-06-02,0.0,0.0,0.0,0.0,0.0
In Stock,FD,0.0,,,,10.0,7.0,1.0,True,,4.1,1069.0,6.11,,,494.0,Star Wars,,B098F8WW9N (Star Wars: C3PO Harness - Small),[],True,False,True,True,Apparel,103.0,B098F8WW9N,2025-06-01,0.0,0.0,0.0,0.0,0.0
In Stock,FD,0.0,0.0,,0.0,8.0,7.0,1.0,True,,4.1,1069.0,6.11,,,514.0,Star Wars,,B098F8WW9N (Star Wars: C3PO Harness - Small),[],True,False,True,True,Apparel,103.0,B098F8WW9N,2025-05-31,0.0,0.0,0.0,0.0,0.0
In Stock,FD,0.053,6.0,6.11,1.0,19.0,7.0,1.0,True,,4.1,1067.0,6.11,,,567.0,Star Wars,,B098F8WW9N (Star Wars: C3PO Harness - Small),[],True,False,True,True,Apparel,104.0,B098F8WW9N,2025-05-30,0.0,0.0,0.0,0.0,0.0
In Stock,FD,0.0,0.0,,0.0,14.0,7.0,1.0,True,,4.1,1066.0,6.11,,,638.0,Star Wars,,B098F8WW9N (Star Wars: C3PO Harness - Small),[],True,False,True,True,Apparel,104.0,B098F8WW9N,2025-05-29,0.0,0.0,0.0,0.0,0.0
In Stock,FD,0.033,6.0,6.11,1.0,30.0,7.0,1.0,True,,4.1,1066.0,6.11,,,599.0,Star Wars,,B098F8WW9N (Star Wars: C3PO Harness - Small),[],True,False,True,True,Apparel,105.0,B098F8WW9N,2025-05-28,0.0,0.0,0.0,0.0,0.0
In Stock,FD,0.0,,,,16.0,7.0,1.0,True,,4.1,1066.0,6.11,,,599.0,Star Wars,,B098F8WW9N (Star Wars: C3PO Harness - Small),[],True,False,True,True,Apparel,105.0,B098F8WW9N,2025-05-27,0.0,0.0,0.0,0.0,0.0
In Stock,FD,0.0,,,,16.0,7.0,1.0,True,,4.1,1066.0,6.11,,,636.0,Star Wars,,B098F8WW9N (Star Wars: C3PO Harness - Small),[],True,False,True,True,Apparel,106.0,B098F8WW9N,2025-05-26,0.0,0.0,0.0,0.0,0.0
In Stock,FD,0.0,,,,22.0,7.0,1.0,True,,4.1,1065.0,6.11,,,555.0,Star Wars,,B098F8WW9N (Star Wars: C3PO Harness - Small),[],True,False,True,True,Apparel,106.0,B098F8WW9N,2025-05-25,0.0,0.0,0.0,0.0,0.0
In Stock,FD,0.0,0.0,,0.0,14.0,7.0,1.0,True,,4.1,1065.0,6.11,,,591.0,Star Wars,,B098F8WW9N (Star Wars: C3PO Harness - Small),[],True,False,True,True,Apparel,106.0,B098F8WW9N,2025-05-24,0.0,0.0,0.0,0.0,0.0
In Stock,FD,0.111,6.0,6.11,1.0,9.0,7.0,1.0,True,,4.1,1064.0,6.11,,,633.0,Star Wars,,B098F8WW9N (Star Wars: C3PO Harness - Small),[],True,False,True,True,Apparel,107.0,B098F8WW9N,2025-05-23,0.0,0.0,0.0,0.0,0.0
In Stock,FD,0.0,,,,15.0,7.0,1.0,True,,4.1,1064.0,6.11,,,606.0,Star Wars,,B098F8WW9N (Star Wars: C3PO Harness - Small),[],True,False,True,True,Apparel,107.0,B098F8WW9N,2025-05-22,0.0,0.0,0.0,0.0,0.0
In Stock,FD,0.0,,,,6.0,7.0,1.0,True,,4.1,1064.0,6.19,,,581.0,Star Wars,,B098F8WW9N (Star Wars: C3PO Harness - Small),[],True,False,True,True,Apparel,107.0,B098F8WW9N,2025-05-21,0.0,0.0,0.0,0.0,0.0
In Stock,FD,0.0,,,,11.0,7.0,1.0,True,,4.1,1064.0,6.19,,,561.0,Star Wars,,B098F8WW9N (Star Wars: C3PO Harness - Small),[],True,False,True,True,Apparel,107.0,B098F8WW9N,2025-05-20,0.0,0.0,0.0,0.0,0.0
In Stock,FD,0.0,,,,12.0,7.0,1.0,True,,4.1,1064.0,6.19,,,508.0,Star Wars,,B098F8WW9N (Star Wars: C3PO Harness - Small),[],True,False,True,True,Apparel,107.0,B098F8WW9N,2025-05-19,0.0,0.0,0.0,0.0,0.0
In Stock,FD,0.0,,,,15.0,7.0,1.0,True,,4.1,1064.0,6.19,,,478.0,Star Wars,,B098F8WW9N (Star Wars: C3PO Harness - Small),[],True,False,True,True,Apparel,107.0,B098F8WW9N,2025-05-18,0.0,0.0,0.0,0.0,0.0
In Stock,FD,0.0,,,,16.0,7.0,1.0,True,,4.1,1062.0,6.19,,,526.0,Star Wars,,B098F8WW9N (Star Wars: C3PO Harness - Small),[],True,False,True,True,Apparel,107.0,B098F8WW9N,2025-05-17,0.0,0.0,0.0,0.0,0.0
In Stock,FD,0.0,,,,11.0,7.0,1.0,True,,4.1,1062.0,6.19,,,571.0,Star Wars,,B098F8WW9N (Star Wars: C3PO Harness - Small),[],True,False,True,True,Apparel,107.0,B098F8WW9N,2025-05-16,0.0,0.0,0.0,0.0,0.0
In Stock,FD,0.0,,,,5.0,7.0,1.0,True,,4.1,1062.0,6.19,,,591.0,Star Wars,,B098F8WW9N (Star Wars: C3PO Harness - Small),[],True,False,True,True,Apparel,107.0,B098F8WW9N,2025-05-15,0.0,0.0,0.0,0.0,0.0
In Stock,FD,0.0,,,,10.0,7.0,1.0,True,,4.1,1062.0,6.19,,,869.0,Star Wars,,B098F8WW9N (Star Wars: C3PO Harness - Small),[],True,False,True,True,Apparel,107.0,B098F8WW9N,2025-05-14,0.0,0.0,0.0,0.0,0.0
In Stock,FD,0.0,,,,13.0,7.0,1.0,True,,4.1,1062.0,6.19,,,599.0,Star Wars,,B098F8WW9N (Star Wars: C3PO Harness - Small),[],True,False,True,True,Apparel,107.0,B098F8WW9N,2025-05-13,0.0,0.0,0.0,0.0,0.0
In Stock,FD,0.0,,,,6.0,7.0,1.0,True,,4.1,1061.0,6.19,,,553.0,Star Wars,,B098F8WW9N (Star Wars: C3PO Harness - Small),[],True,False,True,True,Apparel,107.0,B098F8WW9N,2025-05-12,0.0,0.0,0.0,0.0,0.0
In Stock,FD,0.0,,,,12.0,7.0,1.0,True,,4.1,1061.0,6.19,,,496.0,Star Wars,,B098F8WW9N (Star Wars: C3PO Harness - Small),[],True,False,True,True,Apparel,107.0,B098F8WW9N,2025-05-11,0.0,0.0,0.0,0.0,0.0
In Stock,FD,0.0,,,,13.0,7.0,1.0,True,,4.1,1061.0,6.19,,,629.0,Star Wars,,B098F8WW9N (Star Wars: C3PO Harness - Small),[],True,False,True,True,Apparel,106.0,B098F8WW9N,2025-05-10,0.0,0.0,0.0,0.0,0.0
In Stock,FD,0.0,0.0,,0.0,8.0,7.0,1.0,True,,4.1,1061.0,6.19,,,619.0,Star Wars,,B098F8WW9N (Star Wars: C3PO Harness - Small),[],True,False,True,True,Apparel,106.0,B098F8WW9N,2025-05-09,0.0,0.0,0.0,0.0,0.0
In Stock,FD,0.143,6.0,6.19,1.0,7.0,7.0,1.0,True,,4.1,1061.0,6.19,,,523.0,Star Wars,,B098F8WW9N (Star Wars: C3PO Harness - Small),[],True,False,True,True,Apparel,107.0,B098F8WW9N,2025-05-08,0.0,0.0,0.0,0.0,0.0
In Stock,ACTIVE,,,,,,7.0,0.0,True,,4.3,4351.0,6.46,0.00576923076923077,0.0,12.0,Arm & Hammer,1.75,B098R9RY4J (Arm and Hammer Cat Litter Crystals- Soothing Mint),[],True,True,True,True,Litter Accessories,,B098R9RY4J,2026-05-15,5.25,0.0,3.0,520.0,0.0
In Stock,ACTIVE,,211.0,6.59,32.0,,7.0,0.0,True,,4.3,4351.0,6.46,0.004511278195488722,0.0,12.0,Arm & Hammer,3.996666666666667,B098R9RY4J (Arm and Hammer Cat Litter Crystals- Soothing Mint),[],True,True,True,True,Litter Accessories,,B098R9RY4J,2026-05-14,11.99,0.0,3.0,665.0,0.0
In Stock,ACTIVE,,189.0,6.52,29.0,,7.0,0.0,True,,4.3,4350.0,6.46,0.001610305958132045,0.0,11.0,Arm & Hammer,4.87,B098R9RY4J (Arm and Hammer Cat Litter Crystals- Soothing Mint),[],True,True,True,True,Litter Accessories,,B098R9RY4J,2026-05-13,4.87,0.0,1.0,621.0,0.0
In Stock,ACTIVE,,217.0,6.37,34.0,,7.0,0.0,True,,4.3,4351.0,6.46,0.001795332136445242,0.0,11.0,Arm & Hammer,2.11,B098R9RY4J (Arm and Hammer Cat Litter Crystals- Soothing Mint),[],True,True,True,True,Litter Accessories,,B098R9RY4J,2026-05-12,2.11,0.0,1.0,557.0,0.0
In Stock,ACTIVE,0.408,247.0,6.18,40.0,98.0,7.0,0.0,True,,4.2,4353.0,6.46,0.01007556675062972,0.25,11.0,Arm & Hammer,3.0175,B098R9RY4J (Arm and Hammer Cat Litter Crystals- Soothing Mint),[],True,True,True,True,Litter Accessories,5092.0,B098R9RY4J,2026-05-11,12.07,6.46,4.0,397.0,1.0
In Stock,ACTIVE,0.368,280.0,5.6,50.0,136.0,7.0,0.0,True,,4.2,4352.0,5.45,0.0,,11.0,Arm & Hammer,,B098R9RY4J (Arm and Hammer Cat Litter Crystals- Soothing Mint),[],True,True,True,True,Litter Accessories,5157.0,B098R9RY4J,2026-05-10,0.0,0.0,0.0,256.0,0.0
In Stock,ACTIVE,0.6559999999999999,465.0,5.41,86.0,131.0,7.0,0.0,True,,4.2,4352.0,5.45,0.001941747572815534,0.0,11.0,Arm & Hammer,3.4,B098R9RY4J (Arm and Hammer Cat Litter Crystals- Soothing Mint),[],True,True,True,True,Litter Accessories,5199.0,B098R9RY4J,2026-05-09,3.4,0.0,1.0,515.0,0.0
In Stock,ACTIVE,0.29,245.0,5.44,45.0,155.0,7.0,0.0,True,,4.2,4350.0,5.45,0.009670079635949944,0.3529411764705883,11.0,Arm & Hammer,4.392941176470588,B098R9RY4J (Arm and Hammer Cat Litter Crystals- Soothing Mint),[],True,True,True,True,Litter Accessories,5276.0,B098R9RY4J,2026-05-08,74.67999999999999,34.24,17.0,1758.0,6.0
